---
source: crates/biome_grit_patterns/tests/spec_tests.rs
expression: invalidSnippet
---
SnapshotResult {
    messages: [],
    matched_ranges: [],
    rewritten_files: [],
    created_files: [],
}
