---
source: crates/biome_js_analyze/tests/spec_tests.rs
assertion_line: 134
expression: validImportedObject.js
---
# Input
```js
/* should not generate diagnostics */
import Object from 'foo';
Object.assign({ foo: 'bar' });
Object.assign({ foo: 'bar' });
Object.assign({ foo: 'bar' });

```
