---
source: crates/biome_css_analyze/tests/spec_tests.rs
expression: invalid.css
---
# Input
```css
a { font-family: "Lucida Grande", 'Arial', sans-serif, sans-serif; }
a { font-family: 'Arial', "Lucida Grande", Arial, sans-serif; }
a { fOnT-fAmIlY: "Lucida Grande", '  Lucida Grande ', sans-serif; }
a { font-family: 'Times', Times, "serif", serif; }
a { FONT: italic 300 16px/30px Arial, " Arial", serif; }
b { font: normal 14px/32px -apple-system, BlinkMacSystemFont, sans-serif, sans-serif; }
```

# Diagnostics
```
invalid.css:1:56 lint/nursery/noFontFamilyDuplicateNames ━━━━━━━━━━━━━━━━━━━━━━━━━━━━━━━━━━━━━━━━━━━

  ! Unexpected duplicate font name: sans-serif
  
  > 1 │ a { font-family: "Lucida Grande", 'Arial', sans-serif, sans-serif; }
      │                                                        ^^^^^^^^^^
    2 │ a { font-family: 'Arial', "Lucida Grande", Arial, sans-serif; }
    3 │ a { fOnT-fAmIlY: "Lucida Grande", '  Lucida Grande ', sans-serif; }
  

```

```
invalid.css:2:44 lint/nursery/noFontFamilyDuplicateNames ━━━━━━━━━━━━━━━━━━━━━━━━━━━━━━━━━━━━━━━━━━━

  ! Unexpected duplicate font name: Arial
  
    1 │ a { font-family: "Lucida Grande", 'Arial', sans-serif, sans-serif; }
  > 2 │ a { font-family: 'Arial', "Lucida Grande", Arial, sans-serif; }
      │                                            ^^^^^
    3 │ a { fOnT-fAmIlY: "Lucida Grande", '  Lucida Grande ', sans-serif; }
    4 │ a { font-family: 'Times', Times, "serif", serif; }
  

```

```
invalid.css:3:35 lint/nursery/noFontFamilyDuplicateNames ━━━━━━━━━━━━━━━━━━━━━━━━━━━━━━━━━━━━━━━━━━━

  ! Unexpected duplicate font name: LucidaGrande
  
    1 │ a { font-family: "Lucida Grande", 'Arial', sans-serif, sans-serif; }
    2 │ a { font-family: 'Arial', "Lucida Grande", Arial, sans-serif; }
  > 3 │ a { fOnT-fAmIlY: "Lucida Grande", '  Lucida Grande ', sans-serif; }
      │                                   ^^^^^^^^^^^^^^^^^^
    4 │ a { font-family: 'Times', Times, "serif", serif; }
    5 │ a { FONT: italic 300 16px/30px Arial, " Arial", serif; }
  

```

```
invalid.css:4:27 lint/nursery/noFontFamilyDuplicateNames ━━━━━━━━━━━━━━━━━━━━━━━━━━━━━━━━━━━━━━━━━━━

  ! Unexpected duplicate font name: Times
  
    2 │ a { font-family: 'Arial', "Lucida Grande", Arial, sans-serif; }
    3 │ a { fOnT-fAmIlY: "Lucida Grande", '  Lucida Grande ', sans-serif; }
  > 4 │ a { font-family: 'Times', Times, "serif", serif; }
      │                           ^^^^^
    5 │ a { FONT: italic 300 16px/30px Arial, " Arial", serif; }
    6 │ b { font: normal 14px/32px -apple-system, BlinkMacSystemFont, sans-serif, sans-serif; }
  

```

```
invalid.css:5:39 lint/nursery/noFontFamilyDuplicateNames ━━━━━━━━━━━━━━━━━━━━━━━━━━━━━━━━━━━━━━━━━━━

  ! Unexpected duplicate font name: Arial
  
    3 │ a { fOnT-fAmIlY: "Lucida Grande", '  Lucida Grande ', sans-serif; }
    4 │ a { font-family: 'Times', Times, "serif", serif; }
  > 5 │ a { FONT: italic 300 16px/30px Arial, " Arial", serif; }
      │                                       ^^^^^^^^
    6 │ b { font: normal 14px/32px -apple-system, BlinkMacSystemFont, sans-serif, sans-serif; }
  

```

```
invalid.css:6:75 lint/nursery/noFontFamilyDuplicateNames ━━━━━━━━━━━━━━━━━━━━━━━━━━━━━━━━━━━━━━━━━━━

  ! Unexpected duplicate font name: sans-serif
  
    4 │ a { font-family: 'Times', Times, "serif", serif; }
    5 │ a { FONT: italic 300 16px/30px Arial, " Arial", serif; }
  > 6 │ b { font: normal 14px/32px -apple-system, BlinkMacSystemFont, sans-serif, sans-serif; }
      │                                                                           ^^^^^^^^^^
  

```
