---
source: crates/biome_js_analyze/tests/spec_tests.rs
expression: valid-06.js
---
# Input
```js
/* should not generate diagnostics */
class A { constructor() { var a; } }

```
