---
source: crates/biome_js_analyze/tests/spec_tests.rs
expression: valid.js
---
# Input
```jsx
class A {}
class B {
	a = class extends A {
		constructor(_) {
			super();
		}
	};
}

```
