---
source: crates/biome_formatter_test/src/snapshot_builder.rs
info: graphql/schema/schema.graphql
---
# Input

```graphql
"""Schema definition description"""
schema {
  query: Root
  mutation: Mutation
  subscription: Subscription
}

extend schema { subscription: Subscription }

# `SchemaExtension`s don't require any operation types and doesn't print
# curlies in their abscence.
extend schema
  @directive

```


# Prettier differences

```diff
--- Prettier
+++ Biome
@@ -1,6 +1,4 @@
-"""
-Schema definition description
-"""
+"""Schema definition description"""
 schema {
   query: Root
   mutation: Mutation
```

# Output

```graphql
"""Schema definition description"""
schema {
  query: Root
  mutation: Mutation
  subscription: Subscription
}

extend schema {
  subscription: Subscription
}

# `SchemaExtension`s don't require any operation types and doesn't print
# curlies in their abscence.
extend schema @directive
```
