---
source: crates/biome_js_analyze/tests/spec_tests.rs
assertion_line: 149
expression: valid-export-default-props-array.vue
---
# Input
```ts
<script>
export default {
    props: ['foo']
};
</script>

```
