---
source: crates/biome_service/tests/spec_tests.rs
expression: files_ignore_incorrect_type.json
---
files_ignore_incorrect_type.json:3:13 deserialize ━━━━━━━━━━━━━━━━━━━━━━━━━━━━━━━━━━━━━━━━━━━━━━━━━━

  × ignore has an incorrect type, expected an array, but received a string.
  
    1 │ {
    2 │ 	"files": {
  > 3 │ 		"ignore": "something"
      │ 		          ^^^^^^^^^^^
    4 │ 	}
    5 │ }
  


