---
source: crates/biome_css_parser/tests/spec_test.rs
expression: snapshot
---
## Input

```css
:past( {}
:past() {}
:past(^invalid) {}
:past(^invalid {}
:past(.div .class) {}
:past(.div .class,) {}
:past(.div .class {}
:past(.div {}
:past(.div

```


## AST

```
CssRoot {
    bom_token: missing (optional),
    rules: CssRuleList [
        CssQualifiedRule {
            prelude: CssSelectorList [
                CssCompoundSelector {
                    nesting_selector_token: missing (optional),
                    simple_selector: missing (optional),
                    sub_selectors: CssSubSelectorList [
                        CssPseudoClassSelector {
                            colon_token: COLON@0..1 ":" [] [],
                            class: CssBogusPseudoClass {
                                items: [
                                    PAST_KW@1..5 "past" [] [],
                                    L_PAREN@5..7 "(" [] [Whitespace(" ")],
                                    CssCompoundSelectorList [],
                                ],
                            },
                        },
                    ],
                },
            ],
            block: CssDeclarationOrRuleBlock {
                l_curly_token: L_CURLY@7..8 "{" [] [],
                items: CssDeclarationOrRuleList [],
                r_curly_token: R_CURLY@8..9 "}" [] [],
            },
        },
        CssQualifiedRule {
            prelude: CssSelectorList [
                CssCompoundSelector {
                    nesting_selector_token: missing (optional),
                    simple_selector: missing (optional),
                    sub_selectors: CssSubSelectorList [
                        CssPseudoClassSelector {
                            colon_token: COLON@9..11 ":" [Newline("\n")] [],
                            class: CssBogusPseudoClass {
                                items: [
                                    PAST_KW@11..15 "past" [] [],
                                    L_PAREN@15..16 "(" [] [],
                                    CssCompoundSelectorList [],
                                    R_PAREN@16..18 ")" [] [Whitespace(" ")],
                                ],
                            },
                        },
                    ],
                },
            ],
            block: CssDeclarationOrRuleBlock {
                l_curly_token: L_CURLY@18..19 "{" [] [],
                items: CssDeclarationOrRuleList [],
                r_curly_token: R_CURLY@19..20 "}" [] [],
            },
        },
        CssQualifiedRule {
            prelude: CssSelectorList [
                CssCompoundSelector {
                    nesting_selector_token: missing (optional),
                    simple_selector: missing (optional),
                    sub_selectors: CssSubSelectorList [
                        CssPseudoClassSelector {
                            colon_token: COLON@20..22 ":" [Newline("\n")] [],
                            class: CssBogusPseudoClass {
                                items: [
                                    PAST_KW@22..26 "past" [] [],
                                    L_PAREN@26..27 "(" [] [],
                                    CssCompoundSelectorList [],
                                    CssBogus {
                                        items: [
                                            CARET@27..28 "^" [] [],
                                            IDENT@28..35 "invalid" [] [],
                                        ],
                                    },
                                    R_PAREN@35..37 ")" [] [Whitespace(" ")],
                                ],
                            },
                        },
                    ],
                },
            ],
            block: CssDeclarationOrRuleBlock {
                l_curly_token: L_CURLY@37..38 "{" [] [],
                items: CssDeclarationOrRuleList [],
                r_curly_token: R_CURLY@38..39 "}" [] [],
            },
        },
        CssQualifiedRule {
            prelude: CssSelectorList [
                CssCompoundSelector {
                    nesting_selector_token: missing (optional),
                    simple_selector: missing (optional),
                    sub_selectors: CssSubSelectorList [
                        CssPseudoClassSelector {
                            colon_token: COLON@39..41 ":" [Newline("\n")] [],
                            class: CssBogusPseudoClass {
                                items: [
                                    PAST_KW@41..45 "past" [] [],
                                    L_PAREN@45..46 "(" [] [],
                                    CssCompoundSelectorList [],
                                    CssBogus {
                                        items: [
                                            CARET@46..47 "^" [] [],
                                            IDENT@47..55 "invalid" [] [Whitespace(" ")],
                                        ],
                                    },
                                ],
                            },
                        },
                    ],
                },
            ],
            block: CssDeclarationOrRuleBlock {
                l_curly_token: L_CURLY@55..56 "{" [] [],
                items: CssDeclarationOrRuleList [],
                r_curly_token: R_CURLY@56..57 "}" [] [],
            },
        },
        CssQualifiedRule {
            prelude: CssSelectorList [
                CssCompoundSelector {
                    nesting_selector_token: missing (optional),
                    simple_selector: missing (optional),
                    sub_selectors: CssSubSelectorList [
                        CssPseudoClassSelector {
                            colon_token: COLON@57..59 ":" [Newline("\n")] [],
                            class: CssBogusPseudoClass {
                                items: [
                                    PAST_KW@59..63 "past" [] [],
                                    L_PAREN@63..64 "(" [] [],
                                    CssCompoundSelectorList [
                                        CssCompoundSelector {
                                            nesting_selector_token: missing (optional),
                                            simple_selector: missing (optional),
                                            sub_selectors: CssSubSelectorList [
                                                CssClassSelector {
                                                    dot_token: DOT@64..65 "." [] [],
                                                    name: CssCustomIdentifier {
                                                        value_token: IDENT@65..68 "div" [] [],
                                                    },
                                                },
                                            ],
                                        },
                                    ],
                                    CssBogus {
                                        items: [
                                            CSS_SPACE_LITERAL@68..69 " " [] [],
                                            DOT@69..70 "." [] [],
                                            IDENT@70..75 "class" [] [],
                                        ],
                                    },
                                    R_PAREN@75..77 ")" [] [Whitespace(" ")],
                                ],
                            },
                        },
                    ],
                },
            ],
            block: CssDeclarationOrRuleBlock {
                l_curly_token: L_CURLY@77..78 "{" [] [],
                items: CssDeclarationOrRuleList [],
                r_curly_token: R_CURLY@78..79 "}" [] [],
            },
        },
        CssQualifiedRule {
            prelude: CssSelectorList [
                CssCompoundSelector {
                    nesting_selector_token: missing (optional),
                    simple_selector: missing (optional),
                    sub_selectors: CssSubSelectorList [
                        CssPseudoClassSelector {
                            colon_token: COLON@79..81 ":" [Newline("\n")] [],
                            class: CssBogusPseudoClass {
                                items: [
                                    PAST_KW@81..85 "past" [] [],
                                    L_PAREN@85..86 "(" [] [],
                                    CssCompoundSelectorList [
                                        CssCompoundSelector {
                                            nesting_selector_token: missing (optional),
                                            simple_selector: missing (optional),
                                            sub_selectors: CssSubSelectorList [
                                                CssClassSelector {
                                                    dot_token: DOT@86..87 "." [] [],
                                                    name: CssCustomIdentifier {
                                                        value_token: IDENT@87..90 "div" [] [],
                                                    },
                                                },
                                            ],
                                        },
                                    ],
                                    CssBogus {
                                        items: [
                                            CSS_SPACE_LITERAL@90..91 " " [] [],
                                            DOT@91..92 "." [] [],
                                            IDENT@92..97 "class" [] [],
                                            COMMA@97..98 "," [] [],
                                        ],
                                    },
                                    R_PAREN@98..100 ")" [] [Whitespace(" ")],
                                ],
                            },
                        },
                    ],
                },
            ],
            block: CssDeclarationOrRuleBlock {
                l_curly_token: L_CURLY@100..101 "{" [] [],
                items: CssDeclarationOrRuleList [],
                r_curly_token: R_CURLY@101..102 "}" [] [],
            },
        },
        CssQualifiedRule {
            prelude: CssSelectorList [
                CssCompoundSelector {
                    nesting_selector_token: missing (optional),
                    simple_selector: missing (optional),
                    sub_selectors: CssSubSelectorList [
                        CssPseudoClassSelector {
                            colon_token: COLON@102..104 ":" [Newline("\n")] [],
                            class: CssBogusPseudoClass {
                                items: [
                                    PAST_KW@104..108 "past" [] [],
                                    L_PAREN@108..109 "(" [] [],
                                    CssCompoundSelectorList [
                                        CssCompoundSelector {
                                            nesting_selector_token: missing (optional),
                                            simple_selector: missing (optional),
                                            sub_selectors: CssSubSelectorList [
                                                CssClassSelector {
                                                    dot_token: DOT@109..110 "." [] [],
                                                    name: CssCustomIdentifier {
                                                        value_token: IDENT@110..113 "div" [] [],
                                                    },
                                                },
                                            ],
                                        },
                                    ],
                                    CssBogus {
                                        items: [
                                            CSS_SPACE_LITERAL@113..114 " " [] [],
                                            DOT@114..115 "." [] [],
                                            IDENT@115..121 "class" [] [Whitespace(" ")],
                                        ],
                                    },
                                ],
                            },
                        },
                    ],
                },
            ],
            block: CssDeclarationOrRuleBlock {
                l_curly_token: L_CURLY@121..122 "{" [] [],
                items: CssDeclarationOrRuleList [],
                r_curly_token: R_CURLY@122..123 "}" [] [],
            },
        },
        CssQualifiedRule {
            prelude: CssSelectorList [
                CssCompoundSelector {
                    nesting_selector_token: missing (optional),
                    simple_selector: missing (optional),
                    sub_selectors: CssSubSelectorList [
                        CssPseudoClassSelector {
                            colon_token: COLON@123..125 ":" [Newline("\n")] [],
                            class: CssBogusPseudoClass {
                                items: [
                                    PAST_KW@125..129 "past" [] [],
                                    L_PAREN@129..130 "(" [] [],
                                    CssCompoundSelectorList [
                                        CssCompoundSelector {
                                            nesting_selector_token: missing (optional),
                                            simple_selector: missing (optional),
                                            sub_selectors: CssSubSelectorList [
                                                CssClassSelector {
                                                    dot_token: DOT@130..131 "." [] [],
                                                    name: CssCustomIdentifier {
                                                        value_token: IDENT@131..135 "div" [] [Whitespace(" ")],
                                                    },
                                                },
                                            ],
                                        },
                                    ],
                                ],
                            },
                        },
                    ],
                },
            ],
            block: CssDeclarationOrRuleBlock {
                l_curly_token: L_CURLY@135..136 "{" [] [],
                items: CssDeclarationOrRuleList [],
                r_curly_token: R_CURLY@136..137 "}" [] [],
            },
        },
        CssQualifiedRule {
            prelude: CssSelectorList [
                CssCompoundSelector {
                    nesting_selector_token: missing (optional),
                    simple_selector: missing (optional),
                    sub_selectors: CssSubSelectorList [
                        CssPseudoClassSelector {
                            colon_token: COLON@137..139 ":" [Newline("\n")] [],
                            class: CssBogusPseudoClass {
                                items: [
                                    PAST_KW@139..143 "past" [] [],
                                    L_PAREN@143..144 "(" [] [],
                                    CssCompoundSelectorList [
                                        CssCompoundSelector {
                                            nesting_selector_token: missing (optional),
                                            simple_selector: missing (optional),
                                            sub_selectors: CssSubSelectorList [
                                                CssClassSelector {
                                                    dot_token: DOT@144..145 "." [] [],
                                                    name: CssCustomIdentifier {
                                                        value_token: IDENT@145..148 "div" [] [],
                                                    },
                                                },
                                            ],
                                        },
                                    ],
                                    CssBogus {
                                        items: [
                                            CSS_SPACE_LITERAL@148..149 "\n" [] [],
                                        ],
                                    },
                                ],
                            },
                        },
                    ],
                },
            ],
            block: CssBogusBlock {
                items: [],
            },
        },
    ],
    eof_token: EOF@149..149 "" [] [],
}
```

## CST

```
0: CSS_ROOT@0..149
  0: (empty)
  1: CSS_RULE_LIST@0..149
    0: CSS_QUALIFIED_RULE@0..9
      0: CSS_SELECTOR_LIST@0..7
        0: CSS_COMPOUND_SELECTOR@0..7
          0: (empty)
          1: (empty)
          2: CSS_SUB_SELECTOR_LIST@0..7
            0: CSS_PSEUDO_CLASS_SELECTOR@0..7
              0: COLON@0..1 ":" [] []
              1: CSS_BOGUS_PSEUDO_CLASS@1..7
                0: PAST_KW@1..5 "past" [] []
                1: L_PAREN@5..7 "(" [] [Whitespace(" ")]
                2: CSS_COMPOUND_SELECTOR_LIST@7..7
      1: CSS_DECLARATION_OR_RULE_BLOCK@7..9
        0: L_CURLY@7..8 "{" [] []
        1: CSS_DECLARATION_OR_RULE_LIST@8..8
        2: R_CURLY@8..9 "}" [] []
    1: CSS_QUALIFIED_RULE@9..20
      0: CSS_SELECTOR_LIST@9..18
        0: CSS_COMPOUND_SELECTOR@9..18
          0: (empty)
          1: (empty)
          2: CSS_SUB_SELECTOR_LIST@9..18
            0: CSS_PSEUDO_CLASS_SELECTOR@9..18
              0: COLON@9..11 ":" [Newline("\n")] []
              1: CSS_BOGUS_PSEUDO_CLASS@11..18
                0: PAST_KW@11..15 "past" [] []
                1: L_PAREN@15..16 "(" [] []
                2: CSS_COMPOUND_SELECTOR_LIST@16..16
                3: R_PAREN@16..18 ")" [] [Whitespace(" ")]
      1: CSS_DECLARATION_OR_RULE_BLOCK@18..20
        0: L_CURLY@18..19 "{" [] []
        1: CSS_DECLARATION_OR_RULE_LIST@19..19
        2: R_CURLY@19..20 "}" [] []
    2: CSS_QUALIFIED_RULE@20..39
      0: CSS_SELECTOR_LIST@20..37
        0: CSS_COMPOUND_SELECTOR@20..37
          0: (empty)
          1: (empty)
          2: CSS_SUB_SELECTOR_LIST@20..37
            0: CSS_PSEUDO_CLASS_SELECTOR@20..37
              0: COLON@20..22 ":" [Newline("\n")] []
              1: CSS_BOGUS_PSEUDO_CLASS@22..37
                0: PAST_KW@22..26 "past" [] []
                1: L_PAREN@26..27 "(" [] []
                2: CSS_COMPOUND_SELECTOR_LIST@27..27
                3: CSS_BOGUS@27..35
                  0: CARET@27..28 "^" [] []
                  1: IDENT@28..35 "invalid" [] []
                4: R_PAREN@35..37 ")" [] [Whitespace(" ")]
      1: CSS_DECLARATION_OR_RULE_BLOCK@37..39
        0: L_CURLY@37..38 "{" [] []
        1: CSS_DECLARATION_OR_RULE_LIST@38..38
        2: R_CURLY@38..39 "}" [] []
    3: CSS_QUALIFIED_RULE@39..57
      0: CSS_SELECTOR_LIST@39..55
        0: CSS_COMPOUND_SELECTOR@39..55
          0: (empty)
          1: (empty)
          2: CSS_SUB_SELECTOR_LIST@39..55
            0: CSS_PSEUDO_CLASS_SELECTOR@39..55
              0: COLON@39..41 ":" [Newline("\n")] []
              1: CSS_BOGUS_PSEUDO_CLASS@41..55
                0: PAST_KW@41..45 "past" [] []
                1: L_PAREN@45..46 "(" [] []
                2: CSS_COMPOUND_SELECTOR_LIST@46..46
                3: CSS_BOGUS@46..55
                  0: CARET@46..47 "^" [] []
                  1: IDENT@47..55 "invalid" [] [Whitespace(" ")]
      1: CSS_DECLARATION_OR_RULE_BLOCK@55..57
        0: L_CURLY@55..56 "{" [] []
        1: CSS_DECLARATION_OR_RULE_LIST@56..56
        2: R_CURLY@56..57 "}" [] []
    4: CSS_QUALIFIED_RULE@57..79
      0: CSS_SELECTOR_LIST@57..77
        0: CSS_COMPOUND_SELECTOR@57..77
          0: (empty)
          1: (empty)
          2: CSS_SUB_SELECTOR_LIST@57..77
            0: CSS_PSEUDO_CLASS_SELECTOR@57..77
              0: COLON@57..59 ":" [Newline("\n")] []
              1: CSS_BOGUS_PSEUDO_CLASS@59..77
                0: PAST_KW@59..63 "past" [] []
                1: L_PAREN@63..64 "(" [] []
                2: CSS_COMPOUND_SELECTOR_LIST@64..68
                  0: CSS_COMPOUND_SELECTOR@64..68
                    0: (empty)
                    1: (empty)
                    2: CSS_SUB_SELECTOR_LIST@64..68
                      0: CSS_CLASS_SELECTOR@64..68
                        0: DOT@64..65 "." [] []
                        1: CSS_CUSTOM_IDENTIFIER@65..68
                          0: IDENT@65..68 "div" [] []
                3: CSS_BOGUS@68..75
                  0: CSS_SPACE_LITERAL@68..69 " " [] []
                  1: DOT@69..70 "." [] []
                  2: IDENT@70..75 "class" [] []
                4: R_PAREN@75..77 ")" [] [Whitespace(" ")]
      1: CSS_DECLARATION_OR_RULE_BLOCK@77..79
        0: L_CURLY@77..78 "{" [] []
        1: CSS_DECLARATION_OR_RULE_LIST@78..78
        2: R_CURLY@78..79 "}" [] []
    5: CSS_QUALIFIED_RULE@79..102
      0: CSS_SELECTOR_LIST@79..100
        0: CSS_COMPOUND_SELECTOR@79..100
          0: (empty)
          1: (empty)
          2: CSS_SUB_SELECTOR_LIST@79..100
            0: CSS_PSEUDO_CLASS_SELECTOR@79..100
              0: COLON@79..81 ":" [Newline("\n")] []
              1: CSS_BOGUS_PSEUDO_CLASS@81..100
                0: PAST_KW@81..85 "past" [] []
                1: L_PAREN@85..86 "(" [] []
                2: CSS_COMPOUND_SELECTOR_LIST@86..90
                  0: CSS_COMPOUND_SELECTOR@86..90
                    0: (empty)
                    1: (empty)
                    2: CSS_SUB_SELECTOR_LIST@86..90
                      0: CSS_CLASS_SELECTOR@86..90
                        0: DOT@86..87 "." [] []
                        1: CSS_CUSTOM_IDENTIFIER@87..90
                          0: IDENT@87..90 "div" [] []
                3: CSS_BOGUS@90..98
                  0: CSS_SPACE_LITERAL@90..91 " " [] []
                  1: DOT@91..92 "." [] []
                  2: IDENT@92..97 "class" [] []
                  3: COMMA@97..98 "," [] []
                4: R_PAREN@98..100 ")" [] [Whitespace(" ")]
      1: CSS_DECLARATION_OR_RULE_BLOCK@100..102
        0: L_CURLY@100..101 "{" [] []
        1: CSS_DECLARATION_OR_RULE_LIST@101..101
        2: R_CURLY@101..102 "}" [] []
    6: CSS_QUALIFIED_RULE@102..123
      0: CSS_SELECTOR_LIST@102..121
        0: CSS_COMPOUND_SELECTOR@102..121
          0: (empty)
          1: (empty)
          2: CSS_SUB_SELECTOR_LIST@102..121
            0: CSS_PSEUDO_CLASS_SELECTOR@102..121
              0: COLON@102..104 ":" [Newline("\n")] []
              1: CSS_BOGUS_PSEUDO_CLASS@104..121
                0: PAST_KW@104..108 "past" [] []
                1: L_PAREN@108..109 "(" [] []
                2: CSS_COMPOUND_SELECTOR_LIST@109..113
                  0: CSS_COMPOUND_SELECTOR@109..113
                    0: (empty)
                    1: (empty)
                    2: CSS_SUB_SELECTOR_LIST@109..113
                      0: CSS_CLASS_SELECTOR@109..113
                        0: DOT@109..110 "." [] []
                        1: CSS_CUSTOM_IDENTIFIER@110..113
                          0: IDENT@110..113 "div" [] []
                3: CSS_BOGUS@113..121
                  0: CSS_SPACE_LITERAL@113..114 " " [] []
                  1: DOT@114..115 "." [] []
                  2: IDENT@115..121 "class" [] [Whitespace(" ")]
      1: CSS_DECLARATION_OR_RULE_BLOCK@121..123
        0: L_CURLY@121..122 "{" [] []
        1: CSS_DECLARATION_OR_RULE_LIST@122..122
        2: R_CURLY@122..123 "}" [] []
    7: CSS_QUALIFIED_RULE@123..137
      0: CSS_SELECTOR_LIST@123..135
        0: CSS_COMPOUND_SELECTOR@123..135
          0: (empty)
          1: (empty)
          2: CSS_SUB_SELECTOR_LIST@123..135
            0: CSS_PSEUDO_CLASS_SELECTOR@123..135
              0: COLON@123..125 ":" [Newline("\n")] []
              1: CSS_BOGUS_PSEUDO_CLASS@125..135
                0: PAST_KW@125..129 "past" [] []
                1: L_PAREN@129..130 "(" [] []
                2: CSS_COMPOUND_SELECTOR_LIST@130..135
                  0: CSS_COMPOUND_SELECTOR@130..135
                    0: (empty)
                    1: (empty)
                    2: CSS_SUB_SELECTOR_LIST@130..135
                      0: CSS_CLASS_SELECTOR@130..135
                        0: DOT@130..131 "." [] []
                        1: CSS_CUSTOM_IDENTIFIER@131..135
                          0: IDENT@131..135 "div" [] [Whitespace(" ")]
      1: CSS_DECLARATION_OR_RULE_BLOCK@135..137
        0: L_CURLY@135..136 "{" [] []
        1: CSS_DECLARATION_OR_RULE_LIST@136..136
        2: R_CURLY@136..137 "}" [] []
    8: CSS_QUALIFIED_RULE@137..149
      0: CSS_SELECTOR_LIST@137..149
        0: CSS_COMPOUND_SELECTOR@137..149
          0: (empty)
          1: (empty)
          2: CSS_SUB_SELECTOR_LIST@137..149
            0: CSS_PSEUDO_CLASS_SELECTOR@137..149
              0: COLON@137..139 ":" [Newline("\n")] []
              1: CSS_BOGUS_PSEUDO_CLASS@139..149
                0: PAST_KW@139..143 "past" [] []
                1: L_PAREN@143..144 "(" [] []
                2: CSS_COMPOUND_SELECTOR_LIST@144..148
                  0: CSS_COMPOUND_SELECTOR@144..148
                    0: (empty)
                    1: (empty)
                    2: CSS_SUB_SELECTOR_LIST@144..148
                      0: CSS_CLASS_SELECTOR@144..148
                        0: DOT@144..145 "." [] []
                        1: CSS_CUSTOM_IDENTIFIER@145..148
                          0: IDENT@145..148 "div" [] []
                3: CSS_BOGUS@148..149
                  0: CSS_SPACE_LITERAL@148..149 "\n" [] []
      1: CSS_BOGUS_BLOCK@149..149
  2: EOF@149..149 "" [] []

```

## Diagnostics

```
pseudo_class_function_compound_selector_list.css:1:8 parse ━━━━━━━━━━━━━━━━━━━━━━━━━━━━━━━━━━━━━━━━━

  × Expected a compound selector but instead found '{'.
  
  > 1 │ :past( {}
      │        ^
    2 │ :past() {}
    3 │ :past(^invalid) {}
  
  i Expected a compound selector here.
  
  > 1 │ :past( {}
      │        ^
    2 │ :past() {}
    3 │ :past(^invalid) {}
  
pseudo_class_function_compound_selector_list.css:2:7 parse ━━━━━━━━━━━━━━━━━━━━━━━━━━━━━━━━━━━━━━━━━

  × Expected a compound selector but instead found ''.
  
    1 │ :past( {}
  > 2 │ :past() {}
      │       
    3 │ :past(^invalid) {}
    4 │ :past(^invalid {}
  
  i Expected a compound selector here.
  
    1 │ :past( {}
  > 2 │ :past() {}
      │       
    3 │ :past(^invalid) {}
    4 │ :past(^invalid {}
  
pseudo_class_function_compound_selector_list.css:3:7 parse ━━━━━━━━━━━━━━━━━━━━━━━━━━━━━━━━━━━━━━━━━

  × Expected a compound selector but instead found '^'.
  
    1 │ :past( {}
    2 │ :past() {}
  > 3 │ :past(^invalid) {}
      │       ^
    4 │ :past(^invalid {}
    5 │ :past(.div .class) {}
  
  i Expected a compound selector here.
  
    1 │ :past( {}
    2 │ :past() {}
  > 3 │ :past(^invalid) {}
      │       ^
    4 │ :past(^invalid {}
    5 │ :past(.div .class) {}
  
pseudo_class_function_compound_selector_list.css:4:7 parse ━━━━━━━━━━━━━━━━━━━━━━━━━━━━━━━━━━━━━━━━━

  × Expected a compound selector but instead found '^'.
  
    2 │ :past() {}
    3 │ :past(^invalid) {}
  > 4 │ :past(^invalid {}
      │       ^
    5 │ :past(.div .class) {}
    6 │ :past(.div .class,) {}
  
  i Expected a compound selector here.
  
    2 │ :past() {}
    3 │ :past(^invalid) {}
  > 4 │ :past(^invalid {}
      │       ^
    5 │ :past(.div .class) {}
    6 │ :past(.div .class,) {}
  
pseudo_class_function_compound_selector_list.css:4:16 parse ━━━━━━━━━━━━━━━━━━━━━━━━━━━━━━━━━━━━━━━━

  × expected `)` but instead found `{`
  
    2 │ :past() {}
    3 │ :past(^invalid) {}
  > 4 │ :past(^invalid {}
      │                ^
    5 │ :past(.div .class) {}
    6 │ :past(.div .class,) {}
  
  i Remove {
  
pseudo_class_function_compound_selector_list.css:5:11 parse ━━━━━━━━━━━━━━━━━━━━━━━━━━━━━━━━━━━━━━━━

  × expected `,` but instead found ` `
  
    3 │ :past(^invalid) {}
    4 │ :past(^invalid {}
  > 5 │ :past(.div .class) {}
      │           ^
    6 │ :past(.div .class,) {}
    7 │ :past(.div .class {}
  
  i Remove  
  
pseudo_class_function_compound_selector_list.css:5:7 parse ━━━━━━━━━━━━━━━━━━━━━━━━━━━━━━━━━━━━━━━━━

  × Expected a compound selector but instead found '.div .class'.
  
    3 │ :past(^invalid) {}
    4 │ :past(^invalid {}
  > 5 │ :past(.div .class) {}
      │       ^^^^^^^^^^^
    6 │ :past(.div .class,) {}
    7 │ :past(.div .class {}
  
  i Expected a compound selector here.
  
    3 │ :past(^invalid) {}
    4 │ :past(^invalid {}
  > 5 │ :past(.div .class) {}
      │       ^^^^^^^^^^^
    6 │ :past(.div .class,) {}
    7 │ :past(.div .class {}
  
pseudo_class_function_compound_selector_list.css:6:11 parse ━━━━━━━━━━━━━━━━━━━━━━━━━━━━━━━━━━━━━━━━

  × expected `,` but instead found ` `
  
    4 │ :past(^invalid {}
    5 │ :past(.div .class) {}
  > 6 │ :past(.div .class,) {}
      │           ^
    7 │ :past(.div .class {}
    8 │ :past(.div {}
  
  i Remove  
  
pseudo_class_function_compound_selector_list.css:6:7 parse ━━━━━━━━━━━━━━━━━━━━━━━━━━━━━━━━━━━━━━━━━

  × Expected a compound selector but instead found '.div .class,'.
  
    4 │ :past(^invalid {}
    5 │ :past(.div .class) {}
  > 6 │ :past(.div .class,) {}
      │       ^^^^^^^^^^^^
    7 │ :past(.div .class {}
    8 │ :past(.div {}
  
  i Expected a compound selector here.
  
    4 │ :past(^invalid {}
    5 │ :past(.div .class) {}
  > 6 │ :past(.div .class,) {}
      │       ^^^^^^^^^^^^
    7 │ :past(.div .class {}
    8 │ :past(.div {}
  
pseudo_class_function_compound_selector_list.css:7:11 parse ━━━━━━━━━━━━━━━━━━━━━━━━━━━━━━━━━━━━━━━━

  × expected `,` but instead found ` `
  
    5 │ :past(.div .class) {}
    6 │ :past(.div .class,) {}
  > 7 │ :past(.div .class {}
      │           ^
    8 │ :past(.div {}
    9 │ :past(.div
  
  i Remove  
  
pseudo_class_function_compound_selector_list.css:7:7 parse ━━━━━━━━━━━━━━━━━━━━━━━━━━━━━━━━━━━━━━━━━

  × Expected a compound selector but instead found '.div .class'.
  
    5 │ :past(.div .class) {}
    6 │ :past(.div .class,) {}
  > 7 │ :past(.div .class {}
      │       ^^^^^^^^^^^
    8 │ :past(.div {}
    9 │ :past(.div
  
  i Expected a compound selector here.
  
    5 │ :past(.div .class) {}
    6 │ :past(.div .class,) {}
  > 7 │ :past(.div .class {}
      │       ^^^^^^^^^^^
    8 │ :past(.div {}
    9 │ :past(.div
  
pseudo_class_function_compound_selector_list.css:7:19 parse ━━━━━━━━━━━━━━━━━━━━━━━━━━━━━━━━━━━━━━━━

  × expected `)` but instead found `{`
  
    5 │ :past(.div .class) {}
    6 │ :past(.div .class,) {}
  > 7 │ :past(.div .class {}
      │                   ^
    8 │ :past(.div {}
    9 │ :past(.div
  
  i Remove {
  
pseudo_class_function_compound_selector_list.css:8:12 parse ━━━━━━━━━━━━━━━━━━━━━━━━━━━━━━━━━━━━━━━━

  × expected `,` but instead found `{`
  
     6 │ :past(.div .class,) {}
     7 │ :past(.div .class {}
   > 8 │ :past(.div {}
       │            ^
     9 │ :past(.div
    10 │ 
  
  i Remove {
  
pseudo_class_function_compound_selector_list.css:9:11 parse ━━━━━━━━━━━━━━━━━━━━━━━━━━━━━━━━━━━━━━━━

  × expected `,` but instead found `
    `
  
     7 │ :past(.div .class {}
     8 │ :past(.div {}
   > 9 │ :past(.div
       │           
  > 10 │ 
       │ 
  
  i Remove 
  
  
pseudo_class_function_compound_selector_list.css:9:7 parse ━━━━━━━━━━━━━━━━━━━━━━━━━━━━━━━━━━━━━━━━━

  × Expected a compound selector but instead found '.div
    '.
  
     7 │ :past(.div .class {}
     8 │ :past(.div {}
   > 9 │ :past(.div
       │       ^^^^
  > 10 │ 
       │ 
  
  i Expected a compound selector here.
  
     7 │ :past(.div .class {}
     8 │ :past(.div {}
   > 9 │ :past(.div
       │       ^^^^
  > 10 │ 
       │ 
  
pseudo_class_function_compound_selector_list.css:10:1 parse ━━━━━━━━━━━━━━━━━━━━━━━━━━━━━━━━━━━━━━━━

  × expected `)` but instead the file ends
  
     8 │ :past(.div {}
     9 │ :past(.div
  > 10 │ 
       │ 
  
  i the file ends here
  
     8 │ :past(.div {}
     9 │ :past(.div
  > 10 │ 
       │ 
  
```
