---
source: crates/biome_js_analyze/tests/spec_tests.rs
assertion_line: 152
expression: with-state.js
---
# Input
```js
await page.waitForSelector('#dialog', { state: 'visible' });
await page.click('#dialog .button');


```

# Diagnostics
```
with-state.js:1:7 lint/nursery/noPlaywrightWaitForSelector ━━━━━━━━━━━━━━━━━━━━━━━━━━━━━━━━━━━━━━━━━

  i Unexpected use of page.waitForSelector().
  
  > 1 │ await page.waitForSelector('#dialog', { state: 'visible' });
      │       ^^^^^^^^^^^^^^^^^^^^^^^^^^^^^^^^^^^^^^^^^^^^^^^^^^^^^
    2 │ await page.click('#dialog .button');
    3 │ 
  
  i Use locator-based page.locator() or page.getByRole() APIs instead.
  
  i Locators automatically wait for elements to be ready, making explicit waits unnecessary.
  

```
