---
source: crates/biome_formatter_test/src/snapshot_builder.rs
info: comments/inside-text.html
---
# Input

```html
foo bar baz floof
<!-- comment -->
quick brown fox

```


=============================

# Outputs

## Output 1

-----
Indent style: Tab
Indent width: 2
Line ending: LF
Line width: 80
Attribute Position: Auto
Bracket same line: false
Whitespace sensitivity: css
Indent script and style: false
Self close void elements: never
-----

```html
foo bar baz floof
<!-- comment -->
quick brown fox
```
