---
source: crates/biome_service/tests/spec_tests.rs
expression: hooks_incorrect_options.json
---
hooks_incorrect_options.json:6:5 deserialize ━━━━━━━━━━━━━━━━━━━━━━━━━━━━━━━━━━━━━━━━━━━━━━━━━━━━━━━

  × Found an unknown key `useExhaustiveDependencies`.
  
    4 │ 		"rules": {
    5 │ 			"nursery": {
  > 6 │ 				"useExhaustiveDependencies": {
      │ 				^^^^^^^^^^^^^^^^^^^^^^^^^^^
    7 │ 					"level": "error",
    8 │ 					"options": {
  
  i Accepted keys
  
  - recommended
  - all
  - noAriaHiddenOnFocusable
  - noDefaultExport
  - noDuplicateJsonKeys
  - noEmptyBlockStatements
  - noImplicitAnyLet
  - noMisleadingCharacterClass
  - noUnusedImports
  - noUnusedPrivateClassMembers
  - noUselessLoneBlockStatements
  - noUselessTernary
  - useAwait
  - useExportType
  - useForOf
  - useGroupedTypeImport
  - useImportRestrictions
  - useRegexLiterals
  - useShorthandFunctionType
  - useValidAriaRole
  


