---
source: crates/biome_formatter_test/src/snapshot_builder.rs
info: typescript/class/quoted-property.ts
---

# Input

```ts
class User {
    "username": string;
}

```


# Prettier differences

```diff
--- Prettier
+++ Biome
@@ -1,3 +1,3 @@
 class User {
-  "username": string;
+  username: string;
 }
```

# Output

```ts
class User {
  username: string;
}
```


